---
source: tests/cli.rs
assertion_line: 47
expression: "String::from_utf8(output.stdout).unwrap()"
---
rerobots-search 
Search for matching deployments. empty query implies show all existing workspace
deployments

USAGE:
    rerobots search [FLAGS] [QUERY]

FLAGS:
    -h, --help                     Prints help information
    -V, --version                  Prints version information
        --include-user-provided
            include user_provided workspace deployments in search


ARGS:
    <QUERY>    

